{"sessionId": "c0adbd", "runId": "pre-fix-1", "hypothesisId": "H5", "location": "segment_view_media_detail_overlay.py:223", "message": "hide overlay called", "data": {"visibleBefore": false, "sourceValidBefore": false, "playbackStateBefore": 0}, "timestamp": 1776785426015}
{"sessionId": "c0adbd", "runId": "pre-fix-1", "hypothesisId": "H5", "location": "segment_view_media_detail_overlay.py:223", "message": "hide overlay called", "data": {"visibleBefore": false, "sourceValidBefore": false, "playbackStateBefore": 0}, "timestamp": 1776785429080}
{"sessionId": "c0adbd", "runId": "pre-fix-1", "hypothesisId": "H5", "location": "segment_view_media_detail_overlay.py:223", "message": "hide overlay called", "data": {"visibleBefore": false, "sourceValidBefore": false, "playbackStateBefore": 0}, "timestamp": 1776785429113}
{"sessionId": "c0adbd", "runId": "pre-fix-1", "hypothesisId": "H1", "location": "segment_view_media_detail_overlay.py:145", "message": "present called", "data": {"mediaType": "image", "url": "https://images.pexels.com/photos/30616137/pexels-photo-30616137.jpeg", "visibleBefore": false, "sourceValidBefore": false, "playbackStateBefore": 0}, "timestamp": 1776785449805}
{"sessionId": "c0adbd", "runId": "pre-fix-1", "hypothesisId": "H3", "location": "segment_view_media_detail_overlay.py:178", "message": "image presented and source cleared", "data": {"thumbSize": 10167, "sourceValidAfter": false}, "timestamp": 1776785449805}
{"sessionId": "c0adbd", "runId": "pre-fix-1", "hypothesisId": "H5", "location": "segment_view_media_detail_overlay.py:223", "message": "hide overlay called", "data": {"visibleBefore": true, "sourceValidBefore": false, "playbackStateBefore": 0}, "timestamp": 1776785451025}
{"sessionId": "c0adbd", "runId": "pre-fix-1", "hypothesisId": "H1", "location": "segment_view_media_detail_overlay.py:145", "message": "present called", "data": {"mediaType": "video", "url": "https://videos.pexels.com/video-files/30442061/13045437_640_360_30fps.mp4", "visibleBefore": false, "sourceValidBefore": false, "playbackStateBefore": 0}, "timestamp": 1776785452957}
{"sessionId": "c0adbd", "runId": "pre-fix-1", "hypothesisId": "H2", "location": "segment_view_media_detail_overlay.py:238", "message": "media status changed", "data": {"status": 1, "visible": false, "sourceValid": true, "playbackState": 0}, "timestamp": 1776785452959}
{"sessionId": "c0adbd", "runId": "pre-fix-1", "hypothesisId": "H2", "location": "segment_view_media_detail_overlay.py:165", "message": "video source set", "data": {"url": "https://videos.pexels.com/video-files/30442061/13045437_640_360_30fps.mp4", "sourceValidAfter": true}, "timestamp": 1776785452959}
{"sessionId": "c0adbd", "runId": "pre-fix-1", "hypothesisId": "H4", "location": "segment_view_media_detail_overlay.py:197", "message": "showEvent scheduled video playback", "data": {"source": "https://videos.pexels.com/video-files/30442061/13045437_640_360_30fps.mp4"}, "timestamp": 1776785452964}
{"sessionId": "c0adbd", "runId": "pre-fix-1", "hypothesisId": "H4", "location": "segment_view_media_detail_overlay.py:209", "message": "start video playback", "data": {"visible": true, "source": "https://videos.pexels.com/video-files/30442061/13045437_640_360_30fps.mp4", "playbackStateBefore": 0}, "timestamp": 1776785453006}
{"sessionId": "c0adbd", "runId": "pre-fix-1", "hypothesisId": "H2", "location": "segment_view_media_detail_overlay.py:238", "message": "media status changed", "data": {"status": 2, "visible": true, "sourceValid": true, "playbackState": 0}, "timestamp": 1776785453393}
{"sessionId": "c0adbd", "runId": "pre-fix-1", "hypothesisId": "H2", "location": "segment_view_media_detail_overlay.py:238", "message": "media status changed", "data": {"status": 4, "visible": true, "sourceValid": true, "playbackState": 1}, "timestamp": 1776785453412}
{"sessionId": "c0adbd", "runId": "pre-fix-1", "hypothesisId": "H2", "location": "segment_view_media_detail_overlay.py:238", "message": "media status changed", "data": {"status": 5, "visible": true, "sourceValid": true, "playbackState": 1}, "timestamp": 1776785453964}
{"sessionId": "c0adbd", "runId": "pre-fix-1", "hypothesisId": "H5", "location": "segment_view_media_detail_overlay.py:223", "message": "hide overlay called", "data": {"visibleBefore": true, "sourceValidBefore": true, "playbackStateBefore": 1}, "timestamp": 1776785457992}
{"sessionId": "c0adbd", "runId": "pre-fix-1", "hypothesisId": "H2", "location": "segment_view_media_detail_overlay.py:238", "message": "media status changed", "data": {"status": 2, "visible": true, "sourceValid": true, "playbackState": 0}, "timestamp": 1776785457994}
{"sessionId": "c0adbd", "runId": "pre-fix-1", "hypothesisId": "H2", "location": "segment_view_media_detail_overlay.py:238", "message": "media status changed", "data": {"status": 0, "visible": true, "sourceValid": false, "playbackState": 0}, "timestamp": 1776785458010}
{"sessionId": "c0adbd", "runId": "pre-fix-1", "hypothesisId": "H1", "location": "segment_view_media_detail_overlay.py:145", "message": "present called", "data": {"mediaType": "video", "url": "https://videos.pexels.com/video-files/34248009/14512640_640_360_24fps.mp4", "visibleBefore": false, "sourceValidBefore": false, "playbackStateBefore": 0}, "timestamp": 1776785459264}
{"sessionId": "c0adbd", "runId": "pre-fix-1", "hypothesisId": "H2", "location": "segment_view_media_detail_overlay.py:238", "message": "media status changed", "data": {"status": 1, "visible": false, "sourceValid": true, "playbackState": 0}, "timestamp": 1776785459265}
{"sessionId": "c0adbd", "runId": "pre-fix-1", "hypothesisId": "H2", "location": "segment_view_media_detail_overlay.py:165", "message": "video source set", "data": {"url": "https://videos.pexels.com/video-files/34248009/14512640_640_360_24fps.mp4", "sourceValidAfter": true}, "timestamp": 1776785459266}
{"sessionId": "c0adbd", "runId": "pre-fix-1", "hypothesisId": "H4", "location": "segment_view_media_detail_overlay.py:197", "message": "showEvent scheduled video playback", "data": {"source": "https://videos.pexels.com/video-files/34248009/14512640_640_360_24fps.mp4"}, "timestamp": 1776785459267}
{"sessionId": "c0adbd", "runId": "pre-fix-1", "hypothesisId": "H4", "location": "segment_view_media_detail_overlay.py:209", "message": "start video playback", "data": {"visible": true, "source": "https://videos.pexels.com/video-files/34248009/14512640_640_360_24fps.mp4", "playbackStateBefore": 0}, "timestamp": 1776785459272}
{"sessionId": "c0adbd", "runId": "pre-fix-1", "hypothesisId": "H2", "location": "segment_view_media_detail_overlay.py:238", "message": "media status changed", "data": {"status": 2, "visible": true, "sourceValid": true, "playbackState": 0}, "timestamp": 1776785460903}
{"sessionId": "c0adbd", "runId": "pre-fix-1", "hypothesisId": "H2", "location": "segment_view_media_detail_overlay.py:238", "message": "media status changed", "data": {"status": 4, "visible": true, "sourceValid": true, "playbackState": 1}, "timestamp": 1776785460920}
{"sessionId": "c0adbd", "runId": "pre-fix-1", "hypothesisId": "H2", "location": "segment_view_media_detail_overlay.py:238", "message": "media status changed", "data": {"status": 5, "visible": true, "sourceValid": true, "playbackState": 1}, "timestamp": 1776785461127}
{"sessionId": "c0adbd", "runId": "pre-fix-1", "hypothesisId": "H5", "location": "segment_view_media_detail_overlay.py:223", "message": "hide overlay called", "data": {"visibleBefore": true, "sourceValidBefore": true, "playbackStateBefore": 1}, "timestamp": 1776785462017}
{"sessionId": "c0adbd", "runId": "pre-fix-1", "hypothesisId": "H2", "location": "segment_view_media_detail_overlay.py:238", "message": "media status changed", "data": {"status": 2, "visible": true, "sourceValid": true, "playbackState": 0}, "timestamp": 1776785462017}
{"sessionId": "c0adbd", "runId": "pre-fix-1", "hypothesisId": "H2", "location": "segment_view_media_detail_overlay.py:238", "message": "media status changed", "data": {"status": 0, "visible": true, "sourceValid": false, "playbackState": 0}, "timestamp": 1776785462030}
{"sessionId": "c0adbd", "runId": "pre-fix-1", "hypothesisId": "H1", "location": "segment_view_media_detail_overlay.py:145", "message": "present called", "data": {"mediaType": "video", "url": "https://videos.pexels.com/video-files/10901931/10901931-hd_1920_1080_24fps.mp4", "visibleBefore": false, "sourceValidBefore": false, "playbackStateBefore": 0}, "timestamp": 1776785464160}
{"sessionId": "c0adbd", "runId": "pre-fix-1", "hypothesisId": "H2", "location": "segment_view_media_detail_overlay.py:238", "message": "media status changed", "data": {"status": 1, "visible": false, "sourceValid": true, "playbackState": 0}, "timestamp": 1776785464161}
{"sessionId": "c0adbd", "runId": "pre-fix-1", "hypothesisId": "H2", "location": "segment_view_media_detail_overlay.py:165", "message": "video source set", "data": {"url": "https://videos.pexels.com/video-files/10901931/10901931-hd_1920_1080_24fps.mp4", "sourceValidAfter": true}, "timestamp": 1776785464161}
{"sessionId": "c0adbd", "runId": "pre-fix-1", "hypothesisId": "H4", "location": "segment_view_media_detail_overlay.py:197", "message": "showEvent scheduled video playback", "data": {"source": "https://videos.pexels.com/video-files/10901931/10901931-hd_1920_1080_24fps.mp4"}, "timestamp": 1776785464162}
{"sessionId": "c0adbd", "runId": "pre-fix-1", "hypothesisId": "H4", "location": "segment_view_media_detail_overlay.py:209", "message": "start video playback", "data": {"visible": true, "source": "https://videos.pexels.com/video-files/10901931/10901931-hd_1920_1080_24fps.mp4", "playbackStateBefore": 0}, "timestamp": 1776785464174}
{"sessionId": "c0adbd", "runId": "pre-fix-1", "hypothesisId": "H2", "location": "segment_view_media_detail_overlay.py:238", "message": "media status changed", "data": {"status": 2, "visible": true, "sourceValid": true, "playbackState": 0}, "timestamp": 1776785464340}
{"sessionId": "c0adbd", "runId": "pre-fix-1", "hypothesisId": "H2", "location": "segment_view_media_detail_overlay.py:238", "message": "media status changed", "data": {"status": 4, "visible": true, "sourceValid": true, "playbackState": 1}, "timestamp": 1776785464356}
{"sessionId": "c0adbd", "runId": "pre-fix-1", "hypothesisId": "H2", "location": "segment_view_media_detail_overlay.py:238", "message": "media status changed", "data": {"status": 5, "visible": true, "sourceValid": true, "playbackState": 1}, "timestamp": 1776785464456}
{"sessionId": "c0adbd", "runId": "pre-fix-1", "hypothesisId": "H5", "location": "segment_view_media_detail_overlay.py:223", "message": "hide overlay called", "data": {"visibleBefore": true, "sourceValidBefore": true, "playbackStateBefore": 1}, "timestamp": 1776785466835}
{"sessionId": "c0adbd", "runId": "pre-fix-1", "hypothesisId": "H2", "location": "segment_view_media_detail_overlay.py:238", "message": "media status changed", "data": {"status": 2, "visible": true, "sourceValid": true, "playbackState": 0}, "timestamp": 1776785466837}
